╭─[1]─Zen Review───────────────────────╮╭─[2]─internal/review/state.go─────────────────────────────╮
│  docs/superpowers/specs             ││       ○  @@ -10,5 +10,5 @@ package review               │
│   ● design.md                  +3 -0 ││  10  10   // State is how much of a hunk or a file has b…│
│  internal                           ││           ╭─ ◇ new ─────────────────────────────────────╮│
│    cli                              ││           │ no                                          ││
│     ○ render.go                +1 -1 ││           │                                             ││
│    review                           ││           │                                             ││
│     ⊙ state.go                 +3 -1 ││           │                                             ││
├──────────────────────────────────────┤│           ╰──────────────────ctrl+s save · esc discard ─╯│
│ origin/main                  a1b2c3d ││  11  11   type State string                              │
│ Generation                         2 ││  12  12   const (                                        │
│ Reviewed                         2/7 ││  13     −     Unreviewed State = "unread"                │
│ Comments                         0/0 ││      13 +     Unreviewed State = "unreviewed"            │
│ Changes                   6  +10 -3 ││  14  14       Partial    State = "partial"               │
╰──────────────────────────────────────╯╰────────────────────────────────────────────────────13/22─╯
ctrl+s save · esc discard                                                                           
