╭─[1]─Zen Review───────────────────────╮╭─[2]─README.md────────────────────────────────────────────╮
│    cli                              ││        @@ -1,3 +1,3 @@                                  │
│     ○ render.go                +1 -1 ││  1  1   # zen-review                                     │
│    review                           ││  2  2   Drew's local code review engine.                 │
│     ⊙ state.go                 +3 -1 ││  3    − A diff viewer with review features bolted on.    │
│    tui/diffpane                     ││     3 + A review engine with a TUI attached.             │
│     ○ painting_the_unified_ro… +2 -0 ││                                                          │
│ ○ README.md                    +1 -1 ││                                                          │
│                                      ││                                                          │
├──────────────────────────────────────┤│                                                          │
│ origin/main                  a1b2c3d ││                                                          │
│ Generation                         2 ││                                                          │
│ Reviewed                         2/7 ││                                                          │
│ Changes                   6  +10 -3 ││                                                          │
╰──────────────────────────────────────╯╰──────────────────────────────────────────────────────────╯
j/k move · enter open · space fold · n/N unread · }/{ hunk · ctrl+d/u page · ? help · q quit        
