╭─[1]─Zen Review─────────────────╮╭─[2]─README.md──────────────────────────────────────────────────╮
│    review                     ││         @@ -1,3 +1,3 @@                                        │
│     ⊙ state.go           +3 -1 ││                                                                │
│    tui/diffpane               ││                                                                │
│     ○ painting_the_unif… +2 -0 ││                                                                │
│ ○ README.md              +1 -1 ││                                                                │
│                                ││                                                                │
├────────────────────────────────┤│                                                                │
│                                ││                                                                │
│ origin/main            a1b2c3d ││                                                                │
│ Generation                   2 ││                                                                │
│ Reviewed                   2/7 ││                                                                │
│ Changes             6  +10 -3 ││                                                                │
│                                ││                                                                │
╰────────────────────────────────╯╰────────────────────────────────────────────────────────────────╯
? help • q quit                                                                                     
