╭─[1]─Zen Review─────────────────╮╭─[2]─internal/tui/diffpane/painting_the_unified_rows.go─────────╮
│○ README.md                +1 -1││         @@ -0,0 +1,2 @@                                        │
│▾ assets                        ││                                                                │
│  ○ logo.png              binary││                                                                │
│▾ docs/superpowers/specs        ││                                                                │
│  ● design.md              +3 -0││                                                                │
│▾ internal                      ││                                                                │
│  ▾ cli                         ││                                                                │
│    ○ render.go            +1 -1││                                                                │
│  ▾ review                      ││                                                                │
│    ⊙ state.go             +3 -1││                                                                │
│  ▾ tui/diffpane                ││                                                                │
│    ○ painting_the_unifie… +2 -0││                                                                │
│                                ││                                                                │
╰─6 files─────────────────+10 -3─╯╰────────────────────────────────────────────────────────────────╯
origin/main (a1b2c3d)  ·  generation 2  ·  2 / 7 reviewed                            ? help • q quit
