╭─[1]─Zen Review─────────────────╮╭─[2]─assets/logo.png────────────────────────────────────────────╮
│                                ││binary                                                          │
│  assets                       ││                                                                │
│   ○ logo.png            binary ││                                                                │
│  docs/superpowers/specs       ││                                                                │
│  internal                     ││                                                                │
│    cli                        ││                                                                │
│     ○ render.go          +1 -1 ││                                                                │
│    review                     ││                                                                │
├────────────────────────────────┤│                                                                │
│ 6 files                 +10 -3 ││                                                                │
│ origin/main (a1b2c3d)          ││                                                                │
│ generation 2                   ││                                                                │
│ 2 / 7 reviewed                 ││                                                                │
╰────────────────────────────────╯╰────────────────────────────────────────────────────────────────╯
? help • q quit                                                                                     
