╭─[1]─Zen Review───────────────────────╮╭─[2]─assets/logo.png──────────────────────────────────────╮
│                                      ││binary                                                    │
│  assets                             ││                                                          │
│   ○ logo.png                  binary ││                                                          │
│ ╭─Keys──────────────────────────────────────────────────────────────────────────────────────╮   │
│  │ j      down                   n         next unread        r mark read      h/1 tree pane │   │
│ │ k      up                     N         previous unread    R mark file      l/2 diff pane │   │
│  │ g      top                    }         next hunk          u unmark         s   reload    │   │
│  │ G      bottom                 {         previous hunk      U unmark file    ?   help      │   │
├──│ ctrl+d diff half page down    tab       next file                           q   quit      │   │
│ o│ ctrl+u diff half page up      shift+tab previous file                                     │   │
│ G╰───────────────────────────────────────────────────────────────────────────────────────────╯   │
│ Reviewed                         2/7 ││                                                          │
│ Changes                   6  +10 -3 ││                                                          │
╰──────────────────────────────────────╯╰──────────────────────────────────────────────────────────╯
j/k scroll · n/N unread · }/{ hunk · ctrl+d/u page · r/R read · s reload · ? help · q quit          
