╭─[1]─Zen Review───────────────────────╮╭─[2]─assets/logo.png──────────────────────────────────────╮
│                                      ││binary                                                    │
│  assets                             ││                                                          │
│ ╭─Keys────────────────────────────────────────────────────────────────────────────────────────╮  │
│ │ j      down                   n         next unread        r mark read      h/1   tree pane │  │
│ │ k      up                     N         previous unread    R mark file      l/2   diff pane │  │
│ │ g      top                    }         next hunk          u unmark         space fold      │  │
│ │ G      bottom                 {         previous hunk      U unmark file    enter open      │  │
│ │ ctrl+d diff half page down    tab       next file                           s     reload    │  │
├─│ ctrl+u diff half page up      shift+tab previous file                       ?     help      │  │
│ │                                                                             q     quit      │  │
│ ╰─────────────────────────────────────────────────────────────────────────────────────────────╯  │
│ Reviewed                         2/7 ││                                                          │
│ Changes                   6  +10 -3 ││                                                          │
╰──────────────────────────────────────╯╰──────────────────────────────────────────────────────────╯
j/k move · enter open · space fold · n/N unread · }/{ hunk · ctrl+d/u page · ? help · q quit        
