╭─[1]─Zen Review─────────────────╮╭─[2]─assets/logo.png────────────────────────╮
│                                ││binary                                      │
│  assets                       ││                                            │
│ ╭─Keys─────────────────────────────────────────────────────────────────────╮ │
│ │ j      down                   n         next unread        h/1 tree pane │ │
│ │ k      up                     N         previous unread    l/2 diff pane │ │
│ │ g      top                    }         next hunk          s   reload    │ │
│ │ G      bottom                 {         previous hunk      ?   help      │ │
│ │ ctrl+d diff half page down    tab       next file          q   quit      │ │
│ │ ctrl+u diff half page up      shift+tab previous file                    │ │
│ │ ]      next comment           r         mark read                        │ │
│ │ [      previous comment       R         mark file                        │ │
├─│ z      place cursor: z/t/b    u         unmark                           │ │
│ │ space  fold comment           U         unmark file                      │ │
│ │ enter  go to its line                                                    │ │
│ ╰──────────────────────────────────────────────────────────────────────────╯ │
│ Comments                   0/0 ││                                            │
│ Changes             6  +10 -3 ││                                            │
╰────────────────────────────────╯╰────────────────────────────────────────────╯
j/k move · n/N unread · }/{ hunk · ctrl+d/u page · r/R read · ? help · q quit   
