╭─[1]─Zen Review───────────────────────╮╭─[2]─assets/logo.png──────────────────────────────────────╮
│                                      ││binary                                                    │
│  assets  ╭─Keys─────────────────────────────────────────────────────────────────────╮           │
│   ○ logo.p│ j      down                   n         next unread        h/1 tree pane │           │
│  docs/sup│ k      up                     N         previous unread    l/2 diff pane │           │
│   ● design│ g      top                    }         next hunk          s   reload    │           │
│  internal│ G      bottom                 {         previous hunk      ?   help      │           │
│    cli   │ ctrl+d diff half page down    tab       next file          q   quit      │           │
│     ○ rend│ ctrl+u diff half page up      shift+tab previous file                    │           │
├───────────│                               r         mark read                        │           │
│ origin/mai│                               R         mark file                        │           │
│ Generation│                               u         unmark                           │           │
│ Reviewed  │                               U         unmark file                      │           │
│ Changes   ╰──────────────────────────────────────────────────────────────────────────╯           │
╰──────────────────────────────────────╯╰──────────────────────────────────────────────────────────╯
j/k move · n/N unread · }/{ hunk · ctrl+d/u page · r/R read · s reload · tab file · ? help · q quit 
