╭─[1]─Zen Review───────────────────────╮╭─[2]─assets/logo.png──────────────────────────────────────╮
│                                      ││binary                                                    │
│  assets                             ││                                                          │
│   ○ logo.png      ╭─Keys────────────────────────────────────────────────────╮                    │
│  docs/superpowers│                                                         │                    │
│   ● design.md     │ j      down                   h/1   tree pane    ? help │                    │
│  internal        │ k      up                     l/2   diff pane    q quit │                    │
│    cli           │ g      top                    space fold                │                    │
│     ○ render.go   │ G      bottom                 enter open                │                    │
├───────────────────│ ctrl+d diff half page down                              │                    │
│ origin/main       │ ctrl+u diff half page up                                │                    │
│ Generation        │                                                         │                    │
│ Reviewed          ╰─────────────────────────────────────────────────────────╯                    │
│ Changes                   6  +10 -3 ││                                                          │
╰──────────────────────────────────────╯╰──────────────────────────────────────────────────────────╯
j/k move · enter open · space fold · ctrl+d/u page the diff · ? help · q quit                       
