╭─[1]─Zen Review─────────────────╮╭─[2]─internal/revie…╮
│    cli                        ││           ▾ @@ -10…│
│     ○ render.go          +1 -1 ││  10  10   // State…│
│    review                     ││  11  11   type Sta…│
│     ⊙ state.go           +3 -1 ││  12  12   const (  │
│    tui/diffpane               ││  13     −     Unre…│
│     ○ painting_the_unif… +2 -0 ││      13 +     Unre…│
│ ○ README.md              +1 -1 ││  14  14       Part…│
│                                ││                    │
├────────────────────────────────┤│           ▾ @@ -12…│
│ origin/main            a1b2c3d ││ 120 120       rows…│
│ Generation                   2 ││ 121 121       if e…│
│ Reviewed                   2/7 ││ 122 122           …│
│ Changes             6  +10 -3 ││ 123 123       }    │
╰────────────────────────────────╯╰──────────────13/16─╯
? help • q quit                                         
