╭─[1]─Zen Review───────────────────────╮╭─[2]─internal/review/state.go─────────────────────────────╮
│  docs/superpowers/specs             ││       ○  @@ -10,5 +10,5 @@ package review               │
│   ● design.md                  +3 -0 ││  10  10   // State is how much of a hunk or a file has b…│
│  internal                           ││  11  11   type State string                              │
│    cli                              ││  12  12   const (                                        │
│     ○ render.go                +1 -1 ││  13     −     Unreviewed State = "unread"                │
│    review                           ││      13 +     Unreviewed State = "unreviewed"            │
│     ⊙ state.go                 +3 -1 ││  14  14       Partial    State = "partial"               │
├──────────────────────────────────────┤│                                                          │
│ origin/main                  a1b2c3d ││       ●   @@ -120,5 +120,7 @@ func (s *Session) Changese…│
│ Generation                         2 ││ 120 120       rows, err := s.db.ReviewedRanges(ctx, g.ID)│
│ Reviewed                         2/7 ││ 121 121       if err != nil {                            │
│ Comments                         0/0 ││ 122 122           return Changeset{}, err                │
│ Changes                   6  +10 -3 ││ 123 123       }                                          │
╰──────────────────────────────────────╯╰────────────────────────────────────────────────────13/16─╯
j/k extend · c comment · esc cancel · ? help · q quit                                               
