╭─[1]─Zen Review───────────────────────────╮╭─[2]─internal/review/state.go─────────────────────────────────────────────╮
│  docs/superpowers/specs                 ││▌  ○  @@ -10,5 +10,5 @@ package review                                   │
│   ● design.md                      +3 -0 ││  10   // State is how much of a hu…│  10   // State is how much of a hun…│
│  internal                               ││  11   type State string            │  11   type State string             │
│    cli                                  ││  12   const (                      │  12   const (                       │
│     ○ render.go                    +1 -1 ││  13 −     Unreviewed State = "unre…│  13 +     Unreviewed State = "unrev…│
│    review                               ││  14       Partial    State = "part…│  14       Partial    State = "parti…│
│     ⊙ state.go                     +3 -1 ││                                                                          │
├──────────────────────────────────────────┤│   ●   @@ -120,5 +120,7 @@ func (s *Session) Changeset(ctx context.Contex…│
│ origin/main                      a1b2c3d ││ 120       rows, err := s.db.Review…│ 120       rows, err := s.db.Reviewe…│
│ Generation                             2 ││ 121       if err != nil {          │ 121       if err != nil {           │
│ Reviewed                             2/7 ││ 122           return Changeset{}, …│ 122           return Changeset{}, e…│
│ Comments                             0/0 ││ 123       }                        │ 123       }                         │
│ Changes                       6  +10 -3 ││                                    │ 124 +     // Ranges are read off th…│
╰──────────────────────────────────────────╯╰────────────────────────────────────────────────────────────────────13/15─╯
j/k move · n/N unread · }/{ hunk · ctrl+d/u page · r/R read · c comment · s reload · b change base · ? help · q quit    
